// Jest Snapshot v1, https://goo.gl/fbAQLP

exports[`PrivateRoute renders PrivateRoute 1`] = `<div />`;
