// Jest Snapshot v1, https://goo.gl/fbAQLP

exports[`Dialog Should render (smoke test) 1`] = `<DocumentFragment />`;
