// Jest Snapshot v1, https://goo.gl/fbAQLP

exports[`Login Should render (smoke test) 1`] = `
<DocumentFragment>
  <div
    class="MuiPaper-root makeStyles-container-12 undefined MuiPaper-elevation1 MuiPaper-rounded"
    id="appwindow"
    style="max-width: 400px; width: 400px;"
  >
    <div
      class="MuiGrid-root makeStyles-content-6 MuiGrid-container MuiGrid-direction-xs-column MuiGrid-align-items-xs-center"
    >
      <div
        class="MuiGrid-root makeStyles-header-1 MuiGrid-item"
      >
        <h4
          class="MuiTypography-root MuiTypography-h4"
        >
          Mordheim Warbands
        </h4>
      </div>
      <div
        class="MuiGrid-root MuiGrid-item"
      >
        <form
          accept-charset="UTF-8"
        >
          <div
            class="MuiInputBase-root makeStyles-email-2 MuiInputBase-adornedStart"
            style="display: flex;"
            variant="filled"
          >
            <div
              class="MuiInputAdornment-root MuiInputAdornment-positionStart"
            >
              <svg
                aria-hidden="true"
                class="MuiSvgIcon-root makeStyles-inputStartAdornment-11"
                focusable="false"
                role="presentation"
                viewBox="0 0 24 24"
              >
                <path
                  d="M22 6c0-1.1-.9-2-2-2H4c-1.1 0-2 .9-2 2v12c0 1.1.9 2 2 2h16c1.1 0 2-.9 2-2V6zm-2 0l-8 5-8-5h16zm0 12H4V8l8 5 8-5v10z"
                />
              </svg>
            </div>
            <input
              class="MuiInputBase-input MuiInputBase-inputAdornedStart"
              name="email"
              placeholder="email"
              type="text"
              value=""
            />
          </div>
          <div
            class="MuiInputBase-root makeStyles-password-3 MuiInputBase-adornedStart MuiInputBase-adornedEnd"
            variant="filled"
          >
            <div
              class="MuiInputAdornment-root MuiInputAdornment-positionStart"
            >
              <svg
                aria-hidden="true"
                class="MuiSvgIcon-root makeStyles-inputStartAdornment-11"
                focusable="false"
                role="presentation"
                viewBox="0 0 24 24"
              >
                <path
                  d="M22 19h-6v-4h-2.68c-1.14 2.42-3.6 4-6.32 4-3.86 0-7-3.14-7-7s3.14-7 7-7c2.72 0 5.17 1.58 6.32 4H24v6h-2v4zm-4-2h2v-4h2v-2H11.94l-.23-.67C11.01 8.34 9.11 7 7 7c-2.76 0-5 2.24-5 5s2.24 5 5 5c2.11 0 4.01-1.34 4.71-3.33l.23-.67H18v4zM7 15c-1.65 0-3-1.35-3-3s1.35-3 3-3 3 1.35 3 3-1.35 3-3 3zm0-4c-.55 0-1 .45-1 1s.45 1 1 1 1-.45 1-1-.45-1-1-1z"
                />
              </svg>
            </div>
            <input
              class="MuiInputBase-input MuiInputBase-inputAdornedStart MuiInputBase-inputAdornedEnd"
              name="password"
              placeholder="password"
              type="text"
              value=""
            />
            <div
              class="MuiInputAdornment-root MuiInputAdornment-positionEnd"
            >
              <button
                aria-label="toggle password visibility"
                class="MuiButtonBase-root MuiIconButton-root"
                tabindex="0"
                type="button"
              >
                <span
                  class="MuiIconButton-label"
                >
                  <svg
                    aria-hidden="true"
                    class="MuiSvgIcon-root makeStyles-inputAdornment-10"
                    focusable="false"
                    role="presentation"
                    viewBox="0 0 24 24"
                  >
                    <path
                      d="M12 6c3.79 0 7.17 2.13 8.82 5.5C19.17 14.87 15.79 17 12 17s-7.17-2.13-8.82-5.5C4.83 8.13 8.21 6 12 6m0-2C7 4 2.73 7.11 1 11.5 2.73 15.89 7 19 12 19s9.27-3.11 11-7.5C21.27 7.11 17 4 12 4zm0 5c1.38 0 2.5 1.12 2.5 2.5S13.38 14 12 14s-2.5-1.12-2.5-2.5S10.62 9 12 9m0-2c-2.48 0-4.5 2.02-4.5 4.5S9.52 16 12 16s4.5-2.02 4.5-4.5S14.48 7 12 7z"
                    />
                  </svg>
                </span>
                <span
                  class="MuiTouchRipple-root"
                />
              </button>
            </div>
          </div>
        </form>
      </div>
      <div
        class="MuiGrid-root MuiGrid-item"
      >
        <button
          class="MuiButtonBase-root MuiButton-root MuiButton-contained makeStyles-continueButton-4 MuiButton-containedPrimary Mui-disabled Mui-disabled"
          disabled=""
          tabindex="-1"
          type="button"
        >
          <span
            class="MuiButton-label"
          >
            Sign in
          </span>
        </button>
      </div>
      <div
        class="MuiGrid-root makeStyles-loginLink-5 MuiGrid-item"
      >
        <a
          class="MuiTypography-root MuiLink-root MuiLink-underlineHover MuiTypography-colorPrimary"
        >
          <p
            class="MuiTypography-root MuiTypography-body2"
          >
            Continue with Google
          </p>
        </a>
      </div>
      <div
        class="MuiGrid-root makeStyles-loginLink-5 MuiGrid-item"
      >
        <a
          class="MuiTypography-root MuiLink-root MuiLink-underlineHover MuiTypography-colorPrimary"
          href="#/signup"
        >
          <p
            class="MuiTypography-root MuiTypography-body2"
          >
            New to Mordheim Warbands? Create an account.
          </p>
        </a>
      </div>
      <div
        class="MuiGrid-root makeStyles-loginLink-5 MuiGrid-item"
      >
        <a
          class="MuiTypography-root MuiLink-root MuiLink-underlineHover MuiTypography-colorPrimary"
          href="#/forgot-password"
        >
          <p
            class="MuiTypography-root MuiTypography-body2"
          >
            Forgot your password?
          </p>
        </a>
      </div>
    </div>
  </div>
</DocumentFragment>
`;
