// Jest Snapshot v1, https://goo.gl/fbAQLP

exports[`PrivateRoute Should render (smoke test) 1`] = `<DocumentFragment />`;
