// Jest Snapshot v1, https://goo.gl/fbAQLP

exports[`Signup Should render (smoke test) 1`] = `
<DocumentFragment>
  <div
    class="MuiPaper-root makeStyles-container-12 undefined MuiPaper-elevation1 MuiPaper-rounded"
    id="appwindow"
    style="max-width: 400px; width: 400px;"
  >
    <div
      class="MuiGrid-root makeStyles-content-6 MuiGrid-container MuiGrid-direction-xs-column MuiGrid-align-items-xs-center"
    >
      <div
        class="MuiGrid-root makeStyles-header-1 MuiGrid-item"
      >
        <h4
          class="MuiTypography-root MuiTypography-h4 MuiTypography-alignCenter"
        >
          Unofficial Warband Manager Beta
        </h4>
      </div>
      <div
        class="MuiGrid-root MuiGrid-item"
      >
        <div
          class="MuiInputBase-root makeStyles-email-2 MuiInputBase-adornedStart"
          label="Type your email"
          style="display: flex;"
          variant="filled"
        >
          <div
            class="MuiInputAdornment-root MuiInputAdornment-positionStart"
          >
            <svg
              aria-hidden="true"
              class="MuiSvgIcon-root makeStyles-inputStartAdornment-11"
              focusable="false"
              viewBox="0 0 24 24"
            >
              <path
                d="M22 6c0-1.1-.9-2-2-2H4c-1.1 0-2 .9-2 2v12c0 1.1.9 2 2 2h16c1.1 0 2-.9 2-2V6zm-2 0l-8 5-8-5h16zm0 12H4V8l8 5 8-5v10z"
              />
            </svg>
          </div>
          <input
            autocomplete="username"
            class="MuiInputBase-input MuiInputBase-inputAdornedStart"
            name="email"
            placeholder="email"
            type="text"
            value=""
          />
        </div>
        <div
          class="MuiInputBase-root makeStyles-password-3 MuiInputBase-adornedStart MuiInputBase-adornedEnd"
          label="Type your password"
        >
          <div
            class="MuiInputAdornment-root MuiInputAdornment-positionStart"
          >
            <svg
              aria-hidden="true"
              class="MuiSvgIcon-root makeStyles-inputStartAdornment-11"
              focusable="false"
              viewBox="0 0 24 24"
            >
              <path
                d="M22 19h-6v-4h-2.68c-1.14 2.42-3.6 4-6.32 4-3.86 0-7-3.14-7-7s3.14-7 7-7c2.72 0 5.17 1.58 6.32 4H24v6h-2v4zm-4-2h2v-4h2v-2H11.94l-.23-.67C11.01 8.34 9.11 7 7 7c-2.76 0-5 2.24-5 5s2.24 5 5 5c2.11 0 4.01-1.34 4.71-3.33l.23-.67H18v4zM7 15c-1.65 0-3-1.35-3-3s1.35-3 3-3 3 1.35 3 3-1.35 3-3 3zm0-4c-.55 0-1 .45-1 1s.45 1 1 1 1-.45 1-1-.45-1-1-1z"
              />
            </svg>
          </div>
          <input
            autocomplete="new-password"
            class="MuiInputBase-input MuiInputBase-inputAdornedStart MuiInputBase-inputAdornedEnd"
            name="password"
            placeholder="password"
            type="password"
            value=""
          />
          <div
            class="MuiInputAdornment-root MuiInputAdornment-positionEnd"
          >
            <button
              aria-label="toggle password visibility"
              class="MuiButtonBase-root MuiIconButton-root"
              tabindex="0"
              type="button"
            >
              <span
                class="MuiIconButton-label"
              >
                <svg
                  aria-hidden="true"
                  class="MuiSvgIcon-root makeStyles-inputAdornment-10"
                  focusable="false"
                  viewBox="0 0 24 24"
                >
                  <path
                    d="M12 6c3.79 0 7.17 2.13 8.82 5.5-.59 1.22-1.42 2.27-2.41 3.12l1.41 1.41c1.39-1.23 2.49-2.77 3.18-4.53C21.27 7.11 17 4 12 4c-1.27 0-2.49.2-3.64.57l1.65 1.65C10.66 6.09 11.32 6 12 6zm-1.07 1.14L13 9.21c.57.25 1.03.71 1.28 1.28l2.07 2.07c.08-.34.14-.7.14-1.07C16.5 9.01 14.48 7 12 7c-.37 0-.72.05-1.07.14zM2.01 3.87l2.68 2.68C3.06 7.83 1.77 9.53 1 11.5 2.73 15.89 7 19 12 19c1.52 0 2.98-.29 4.32-.82l3.42 3.42 1.41-1.41L3.42 2.45 2.01 3.87zm7.5 7.5l2.61 2.61c-.04.01-.08.02-.12.02-1.38 0-2.5-1.12-2.5-2.5 0-.05.01-.08.01-.13zm-3.4-3.4l1.75 1.75c-.23.55-.36 1.15-.36 1.78 0 2.48 2.02 4.5 4.5 4.5.63 0 1.23-.13 1.77-.36l.98.98c-.88.24-1.8.38-2.75.38-3.79 0-7.17-2.13-8.82-5.5.7-1.43 1.72-2.61 2.93-3.53z"
                  />
                </svg>
              </span>
              <span
                class="MuiTouchRipple-root"
              />
            </button>
          </div>
        </div>
      </div>
      <div
        class="MuiGrid-root MuiGrid-item"
      >
        <button
          class="MuiButtonBase-root MuiButton-root MuiButton-contained makeStyles-continueButton-4 MuiButton-containedPrimary Mui-disabled Mui-disabled"
          disabled=""
          tabindex="-1"
          type="button"
        >
          <span
            class="MuiButton-label"
          >
            Create account
          </span>
        </button>
      </div>
      <div
        class="MuiGrid-root makeStyles-loginLink-5 MuiGrid-item"
      >
        <a
          class="MuiTypography-root MuiLink-root MuiLink-underlineHover MuiTypography-colorPrimary"
        >
          <p
            class="MuiTypography-root MuiTypography-body2"
          >
            Continue with Google
          </p>
        </a>
      </div>
      <div
        class="MuiGrid-root makeStyles-loginLink-5 MuiGrid-item"
      >
        <a
          class="MuiTypography-root MuiLink-root MuiLink-underlineHover MuiTypography-colorPrimary"
          href="#/"
        >
          <p
            class="MuiTypography-root MuiTypography-body2"
          >
            Already have an account? Login instead.
          </p>
        </a>
      </div>
    </div>
    <p
      class="MuiTypography-root MuiTypography-body1"
      style="position: absolute; right: 8px; bottom: 0px; text-shadow: 0px 0px white;"
    >
      v0.4.0-beta
    </p>
  </div>
</DocumentFragment>
`;
