// Jest Snapshot v1, https://goo.gl/fbAQLP

exports[`HomePage Should render (smoke test) 1`] = `
<DocumentFragment>
  <div
    class="makeStyles-window-1"
  >
    <div
      class="makeStyles-topNavigationContainer-5"
    >
      <h5
        class="MuiTypography-root makeStyles-title-6 MuiTypography-h5 MuiTypography-alignCenter"
      >
        Mordheim Warbands
      </h5>
      <button
        class="MuiButtonBase-root MuiIconButton-root makeStyles-menuIcon-7"
        tabindex="0"
        type="button"
      >
        <span
          class="MuiIconButton-label"
        >
          <svg
            aria-hidden="true"
            class="MuiSvgIcon-root"
            focusable="false"
            role="presentation"
            style="color: white;"
            viewBox="0 0 24 24"
          >
            <path
              d="M3 18h18v-2H3v2zm0-5h18v-2H3v2zm0-7v2h18V6H3z"
            />
          </svg>
        </span>
        <span
          class="MuiTouchRipple-root"
        />
      </button>
    </div>
    <div
      class="makeStyles-container-2"
    >
      <div
        class="MuiCircularProgress-root MuiCircularProgress-colorPrimary MuiCircularProgress-indeterminate"
        role="progressbar"
        style="width: 40px; height: 40px;"
      >
        <svg
          class="MuiCircularProgress-svg"
          viewBox="22 22 44 44"
        >
          <circle
            class="MuiCircularProgress-circle MuiCircularProgress-circleIndeterminate"
            cx="44"
            cy="44"
            fill="none"
            r="20.2"
            stroke-width="3.6"
          />
        </svg>
      </div>
      <p
        class="MuiTypography-root MuiTypography-body1"
      >
        No Warbands yet. Add first warband.
      </p>
    </div>
    <button
      class="MuiButtonBase-root MuiFab-root makeStyles-hero-4 MuiFab-primary"
      tabindex="0"
      type="button"
    >
      <span
        class="MuiFab-label"
      >
        <svg
          aria-hidden="true"
          class="MuiSvgIcon-root makeStyles-addIcon-8"
          focusable="false"
          role="presentation"
          viewBox="0 0 24 24"
        >
          <path
            d="M19 13h-6v6h-2v-6H5v-2h6V5h2v6h6v2z"
          />
        </svg>
      </span>
      <span
        class="MuiTouchRipple-root"
      />
    </button>
  </div>
</DocumentFragment>
`;
