// Jest Snapshot v1, https://goo.gl/fbAQLP

exports[`Bar Should render (smoke test) 1`] = `
<DocumentFragment>
  <h6
    class="MuiTypography-root makeStyles-bar-1 MuiTypography-h6"
    style="top: -44px; background-color: rgb(66, 66, 66);"
  />
</DocumentFragment>
`;
