// Jest Snapshot v1, https://goo.gl/fbAQLP

exports[`OfflineBar Should render (smoke test) 1`] = `
<DocumentFragment>
  <h6
    class="MuiTypography-root makeStyles-bar-1 MuiTypography-h6"
    style="top: -44px; background-color: rgb(244, 67, 54);"
  >
    You are offline. Your warband changes may not have been saved.
  </h6>
</DocumentFragment>
`;
